example_id                                                      | status | run_time        |
--------------------------------------------------------------- | ------ | --------------- |
./spec/smoke/jive_page/actions_page_spec.rb[1:1]                | passed | 0.0696 seconds  |
./spec/smoke/jive_page/actions_page_spec.rb[1:2]                | passed | 0.09129 seconds |
./spec/smoke/jive_page/activity_page_spec.rb[1:1]               | passed | 1.56 seconds    |
./spec/smoke/jive_page/activity_page_spec.rb[1:2]               | passed | 0.0456 seconds  |
./spec/smoke/jive_page/activity_page_spec.rb[1:3]               | passed | 0.16531 seconds |
./spec/smoke/jive_page/activity_page_spec.rb[1:4]               | passed | 0.1129 seconds  |
./spec/smoke/jive_page/add_ons_page_spec.rb[1:1]                | passed | 0.54505 seconds |
./spec/smoke/jive_page/bookmarks_page_spec.rb[1:1]              | passed | 0.59384 seconds |
./spec/smoke/jive_page/content_create_page_spec.rb[1:1]         | passed | 0.58709 seconds |
./spec/smoke/jive_page/content_create_page_spec.rb[1:2]         | passed | 0.11745 seconds |
./spec/smoke/jive_page/content_create_page_spec.rb[1:3]         | passed | 0.22923 seconds |
./spec/smoke/jive_page/content_create_page_spec.rb[1:4]         | passed | 0.24388 seconds |
./spec/smoke/jive_page/content_create_page_spec.rb[1:5]         | passed | 0.51999 seconds |
./spec/smoke/jive_page/content_create_page_spec.rb[1:6]         | passed | 0.61579 seconds |
./spec/smoke/jive_page/content_create_page_spec.rb[1:7]         | passed | 0.46904 seconds |
./spec/smoke/jive_page/content_create_page_spec.rb[1:8]         | passed | 0.45171 seconds |
./spec/smoke/jive_page/content_page_spec.rb[1:1]                | passed | 1.81 seconds    |
./spec/smoke/jive_page/content_view_page_spec.rb[1:1]           | passed | 1.07 seconds    |
./spec/smoke/jive_page/content_view_page_spec.rb[1:2]           | passed | 1.06 seconds    |
./spec/smoke/jive_page/content_view_page_spec.rb[1:3]           | passed | 1.09 seconds    |
./spec/smoke/jive_page/content_view_page_spec.rb[1:4]           | passed | 5.23 seconds    |
./spec/smoke/jive_page/create_new_feed_page_spec.rb[1:1]        | passed | 0.54573 seconds |
./spec/smoke/jive_page/create_new_feed_page_spec.rb[1:2]        | passed | 0.04492 seconds |
./spec/smoke/jive_page/create_new_feed_page_spec.rb[1:3]        | passed | 0.046 seconds   |
./spec/smoke/jive_page/create_poll_page_spec.rb[1:1]            | passed | 0.50296 seconds |
./spec/smoke/jive_page/create_poll_page_spec.rb[1:2]            | passed | 0.95937 seconds |
./spec/smoke/jive_page/create_poll_page_spec.rb[1:3]            | passed | 0.64146 seconds |
./spec/smoke/jive_page/edit_privacy_page_spec.rb[1:1]           | passed | 0.47385 seconds |
./spec/smoke/jive_page/edit_privacy_page_spec.rb[1:2]           | passed | 0.35038 seconds |
./spec/smoke/jive_page/edit_privacy_page_spec.rb[1:3]           | passed | 1.42 seconds    |
./spec/smoke/jive_page/edit_profile_page_spec.rb[1:1]           | passed | 0.35144 seconds |
./spec/smoke/jive_page/edit_profile_page_spec.rb[1:2]           | passed | 1.37 seconds    |
./spec/smoke/jive_page/get_started_page_spec.rb[1:1]            | passed | 0.41433 seconds |
./spec/smoke/jive_page/get_started_page_spec.rb[1:2]            | passed | 0.22173 seconds |
./spec/smoke/jive_page/get_started_page_spec.rb[1:3]            | passed | 0.0894 seconds  |
./spec/smoke/jive_page/get_started_page_spec.rb[1:4]            | passed | 0.09002 seconds |
./spec/smoke/jive_page/get_started_page_spec.rb[1:5]            | passed | 0.0922 seconds  |
./spec/smoke/jive_page/get_started_page_spec.rb[1:6]            | passed | 0.09026 seconds |
./spec/smoke/jive_page/get_started_page_spec.rb[1:7]            | passed | 0.1353 seconds  |
./spec/smoke/jive_page/get_started_page_spec.rb[1:8]            | passed | 0.08966 seconds |
./spec/smoke/jive_page/get_started_page_spec.rb[1:9]            | passed | 0.09887 seconds |
./spec/smoke/jive_page/get_started_page_spec.rb[1:10]           | passed | 0.09687 seconds |
./spec/smoke/jive_page/get_started_page_spec.rb[1:11]           | passed | 0.09068 seconds |
./spec/smoke/jive_page/get_started_page_spec.rb[1:12]           | passed | 0.09168 seconds |
./spec/smoke/jive_page/get_started_page_spec.rb[1:13]           | passed | 0.14711 seconds |
./spec/smoke/jive_page/group_content_page_spec.rb[1:1]          | passed | 1.09 seconds    |
./spec/smoke/jive_page/group_page_spec.rb[1:1]                  | passed | 2.62 seconds    |
./spec/smoke/jive_page/group_people_page_spec.rb[1:1]           | passed | 0.63182 seconds |
./spec/smoke/jive_page/inbox_page_spec.rb[1:1]                  | passed | 0.58584 seconds |
./spec/smoke/jive_page/inbox_page_spec.rb[1:2]                  | failed | 0.09566 seconds |
./spec/smoke/jive_page/inbox_page_spec.rb[1:3]                  | passed | 0.06886 seconds |
./spec/smoke/jive_page/inbox_page_spec.rb[1:4]                  | passed | 0.73425 seconds |
./spec/smoke/jive_page/inbox_page_spec.rb[1:5]                  | passed | 0.0467 seconds  |
./spec/smoke/jive_page/inbox_page_spec.rb[1:6]                  | passed | 0.04627 seconds |
./spec/smoke/jive_page/inbox_page_spec.rb[1:7]                  | passed | 0.04666 seconds |
./spec/smoke/jive_page/inbox_page_spec.rb[1:8]                  | passed | 0.04346 seconds |
./spec/smoke/jive_page/inbox_page_spec.rb[1:9]                  | passed | 0.05988 seconds |
./spec/smoke/jive_page/inbox_page_spec.rb[1:10]                 | passed | 0.0458 seconds  |
./spec/smoke/jive_page/inbox_page_spec.rb[1:11]                 | passed | 0.04518 seconds |
./spec/smoke/jive_page/inbox_page_spec.rb[1:12]                 | passed | 0.0437 seconds  |
./spec/smoke/jive_page/inbox_page_spec.rb[1:13]                 | passed | 0.04919 seconds |
./spec/smoke/jive_page/members_page_spec.rb[1:1]                | passed | 0.62159 seconds |
./spec/smoke/jive_page/members_page_spec.rb[1:2]                | passed | 0.34354 seconds |
./spec/smoke/jive_page/places_page_spec.rb[1:1]                 | passed | 1.06 seconds    |
./spec/smoke/jive_page/places_page_spec.rb[1:2]                 | passed | 0.07105 seconds |
./spec/smoke/jive_page/preferences_page_spec.rb[1:1]            | passed | 0.48163 seconds |
./spec/smoke/jive_page/preferences_page_spec.rb[1:2]            | passed | 0.04915 seconds |
./spec/smoke/jive_page/preferences_page_spec.rb[1:3]            | passed | 0.34628 seconds |
./spec/smoke/jive_page/profile_activity_page_spec.rb[1:1]       | passed | 0.97053 seconds |
./spec/smoke/jive_page/profile_activity_page_spec.rb[1:2]       | passed | 0.05632 seconds |
./spec/smoke/jive_page/profile_activity_page_spec.rb[1:3]       | passed | 0.23985 seconds |
./spec/smoke/jive_page/profile_activity_page_spec.rb[1:4]       | passed | 0.06428 seconds |
./spec/smoke/jive_page/profile_places_page_spec.rb[1:1]         | passed | 0.66837 seconds |
./spec/smoke/jive_page/search_page_spec.rb[1:1]                 | passed | 0.27844 seconds |
./spec/smoke/jive_page/search_page_spec.rb[1:2]                 | passed | 0.06378 seconds |
./spec/smoke/jive_page/search_page_spec.rb[1:3]                 | passed | 0.40576 seconds |
./spec/smoke/jive_page/space_content_page_spec.rb[1:1]          | passed | 0.79634 seconds |
./spec/smoke/jive_page/space_page_spec.rb[1:1]                  | passed | 0.63072 seconds |
./spec/smoke/jive_page/space_people_page_spec.rb[1:1]           | passed | 0.88545 seconds |
./spec/smoke/jive_page/space_subspaces_page_spec.rb[1:1]        | passed | 0.71488 seconds |
./spec/smoke/jive_page/sub_space_content_page_spec.rb[1:1]      | passed | 0.49653 seconds |
./spec/smoke/jive_page/sub_space_page_spec.rb[1:1]              | passed | 0.46547 seconds |
./spec/smoke/jive_page/sub_space_people_page_spec.rb[1:1]       | passed | 1.19 seconds    |
./spec/smoke/jive_page/sub_space_subspaces_page_spec.rb[1:1]    | passed | 0.63272 seconds |
./spec/smoke/jive_page/user_bookmarks_page_spec.rb[1:1]         | passed | 1.77 seconds    |
./spec/smoke/jive_page/view_blog_page_spec.rb[1:1]              | passed | 0.66759 seconds |
./spec/smoke/jive_page/view_discussion_page_spec.rb[1:1]        | passed | 0.6331 seconds  |
./spec/smoke/jive_page/view_discussion_page_spec.rb[1:2]        | passed | 0.305 seconds   |
./spec/smoke/jive_page/view_discussion_page_spec.rb[1:3]        | passed | 0.77348 seconds |
./spec/smoke/jive_page/view_discussion_page_spec.rb[1:4]        | passed | 0.05732 seconds |
./spec/smoke/jive_page/view_discussion_page_spec.rb[1:5]        | passed | 0.06066 seconds |
./spec/smoke/jive_page/view_discussion_page_spec.rb[1:6]        | passed | 0.04763 seconds |
./spec/smoke/jive_page/view_discussion_page_spec.rb[1:7]        | passed | 0.04974 seconds |
./spec/smoke/jive_page/view_discussion_page_spec.rb[1:8]        | passed | 0.05157 seconds |
./spec/smoke/jive_page/view_discussion_page_spec.rb[1:9]        | passed | 2.06 seconds    |
./spec/smoke/jive_page/view_document_page_spec.rb[1:1]          | passed | 0.79134 seconds |
./spec/smoke/jive_page/view_document_page_spec.rb[1:2]          | passed | 0.42432 seconds |
./spec/smoke/jive_page/view_document_page_spec.rb[1:3]          | passed | 1.44 seconds    |
./spec/smoke/jive_page/view_incident_report_page_spec.rb[1:1]   | passed | 0.48138 seconds |
./spec/smoke/jive_page/view_poll_page_spec.rb[1:1]              | passed | 1.24 seconds    |
./spec/smoke/jive_page/view_profile_page_spec.rb[1:1]           | passed | 0.42487 seconds |
./spec/smoke/jive_page/view_profile_page_spec.rb[1:2]           | passed | 0.22921 seconds |
./spec/smoke/jive_page/view_profile_page_spec.rb[1:3]           | passed | 0.0959 seconds  |
./spec/smoke/jive_page/view_profile_page_spec.rb[1:4]           | passed | 0.38564 seconds |
./spec/smoke/jive_page/welcome_page_spec.rb[1:1]                | passed | 0.86499 seconds |
./spec/smoke/jive_page/welcome_page_spec.rb[1:2]                | passed | 2.06 seconds    |
./spec/smoke/jive_page/welcome_page_spec.rb[1:3]                | passed | 0.06055 seconds |
./spec/smoke/jive_page/welcome_page_spec.rb[1:4]                | passed | 0.04417 seconds |
./spec/smoke/jive_page/welcome_page_spec.rb[1:5]                | passed | 0.06284 seconds |
./spec/smoke/jive_page/welcome_page_spec.rb[1:6]                | passed | 0.77668 seconds |
./spec/smoke/jive_page/welcome_page_spec.rb[1:7]                | passed | 0.05233 seconds |
./spec/smoke/jive_widget/about_place_widget_spec.rb[1:1]        | passed | 0.23968 seconds |
./spec/smoke/jive_widget/bookmark_widget_spec.rb[1:1]           | passed | 0.20147 seconds |
./spec/smoke/jive_widget/bookmark_widget_spec.rb[1:2]           | passed | 0.12098 seconds |
./spec/smoke/jive_widget/bookmark_widget_spec.rb[1:3]           | passed | 0.06614 seconds |
./spec/smoke/jive_widget/bookmark_widget_spec.rb[1:4]           | passed | 0.15651 seconds |
./spec/smoke/jive_widget/bookmark_widget_spec.rb[1:5]           | passed | 0.08647 seconds |
./spec/smoke/jive_widget/bookmark_widget_spec.rb[1:6]           | passed | 0.12184 seconds |
./spec/smoke/jive_widget/comment_actions_widget_spec.rb[1:1]    | passed | 0.61896 seconds |
./spec/smoke/jive_widget/content_widget_spec.rb[1:1]            | passed | 0.44868 seconds |
./spec/smoke/jive_widget/draft_widget_spec.rb[1:1]              | passed | 0.0563 seconds  |
./spec/smoke/jive_widget/draft_widget_spec.rb[1:2]              | passed | 0.04513 seconds |
./spec/smoke/jive_widget/draft_widget_spec.rb[1:3]              | passed | 0.04495 seconds |
./spec/smoke/jive_widget/draft_widget_spec.rb[1:4]              | passed | 0.19902 seconds |
./spec/smoke/jive_widget/follow_list_widget_spec.rb[1:1]        | passed | 0.04677 seconds |
./spec/smoke/jive_widget/following_widget_spec.rb[1:1]          | passed | 0.15008 seconds |
./spec/smoke/jive_widget/following_widget_spec.rb[1:2]          | passed | 0.07065 seconds |
./spec/smoke/jive_widget/frequent_recent_widget_spec.rb[1:1]    | passed | 0.23569 seconds |
./spec/smoke/jive_widget/frequent_recent_widget_spec.rb[1:2]    | passed | 0.60314 seconds |
./spec/smoke/jive_widget/frequent_recent_widget_spec.rb[1:3]    | passed | 0.11684 seconds |
./spec/smoke/jive_widget/group_membership_widget_spec.rb[1:1]   | passed | 0.0487 seconds  |
./spec/smoke/jive_widget/group_membership_widget_spec.rb[1:2]   | passed | 0.04755 seconds |
./spec/smoke/jive_widget/group_membership_widget_spec.rb[1:3]   | passed | 0.0613 seconds  |
./spec/smoke/jive_widget/item_view_toggle_widget_spec.rb[1:1]   | passed | 0.055 seconds   |
./spec/smoke/jive_widget/item_view_toggle_widget_spec.rb[1:2]   | passed | 0.16627 seconds |
./spec/smoke/jive_widget/like_widget_spec.rb[1:1]               | passed | 0.05589 seconds |
./spec/smoke/jive_widget/message_widget_spec.rb[1:1]            | passed | 0.04625 seconds |
./spec/smoke/jive_widget/message_widget_spec.rb[1:2]            | passed | 0.16911 seconds |
./spec/smoke/jive_widget/more_like_this_widget_spec.rb[1:1]     | passed | 0.04788 seconds |
./spec/smoke/jive_widget/move_widget_spec.rb[1:1]               | passed | 0.11259 seconds |
./spec/smoke/jive_widget/move_widget_spec.rb[1:2]               | passed | 0.14421 seconds |
./spec/smoke/jive_widget/move_widget_spec.rb[1:3]               | passed | 0.0528 seconds  |
./spec/smoke/jive_widget/publish_bar_widget_spec.rb[1:1]        | passed | 0.11301 seconds |
./spec/smoke/jive_widget/publish_bar_widget_spec.rb[1:2]        | passed | 0.05847 seconds |
./spec/smoke/jive_widget/rating_widget_spec.rb[1:1]             | passed | 0.07615 seconds |
./spec/smoke/jive_widget/rating_widget_spec.rb[1:2]             | passed | 0.07958 seconds |
./spec/smoke/jive_widget/request_a_group_widget_spec.rb[1:1]    | passed | 0.12984 seconds |
./spec/smoke/jive_widget/shared_feed_items_widget_spec.rb[1:1]  | passed | 0.46816 seconds |
./spec/smoke/jive_widget/shared_feed_items_widget_spec.rb[1:2]  | passed | 0.04797 seconds |
./spec/smoke/jive_widget/short_profle_widget_spec.rb[1:1]       | passed | 0.07167 seconds |
./spec/smoke/jive_widget/short_profle_widget_spec.rb[1:2]       | passed | 0.1014 seconds  |
./spec/smoke/jive_widget/tags_widget_spec.rb[1:1]               | passed | 0.05678 seconds |
./spec/smoke/jive_widget/tags_widget_spec.rb[1:2]               | passed | 0.0601 seconds  |
./spec/smoke/jive_widget/user_connections_widget_spec.rb[1:1]   | passed | 0.06334 seconds |
./spec/smoke/jive_widget/user_relationships_widget_spec.rb[1:1] | passed | 0.05452 seconds |
./spec/smoke/jive_widget/user_relationships_widget_spec.rb[1:2] | passed | 0.0464 seconds  |
./spec/smoke/jive_widget/user_relationships_widget_spec.rb[1:3] | passed | 0.05131 seconds |
./spec/smoke/jive_widget/user_relationships_widget_spec.rb[1:4] | passed | 0.05308 seconds |
./spec/smoke/jive_widget/user_relationships_widget_spec.rb[1:5] | passed | 0.06049 seconds |
./spec/smoke/jive_widget/user_relationships_widget_spec.rb[1:6] | passed | 0.05708 seconds |
./spec/smoke/jive_widget/user_search_widget_spec.rb[1:1]        | passed | 0.08486 seconds |
./spec/smoke/jive_widget/user_search_widget_spec.rb[1:2]        | passed | 0.97549 seconds |
./spec/smoke/jive_widget/user_search_widget_spec.rb[1:3]        | passed | 0.04422 seconds |
./spec/smoke/jive_widget/user_search_widget_spec.rb[1:4]        | passed | 0.06239 seconds |
./spec/smoke/jive_widget/wysiwyg_widget_spec.rb[1:1]            | passed | 0.62692 seconds |
./spec/smoke/jive_widget/wysiwyg_widget_spec.rb[1:2]            | passed | 0.10432 seconds |
./spec/smoke/jive_widget/wysiwyg_widget_spec.rb[1:3]            | passed | 0.50559 seconds |
./spec/smoke/jive_widget/wysiwyg_widget_spec.rb[1:4]            | passed | 0.12728 seconds |
./spec/smoke/jive_widget/wysiwyg_widget_spec.rb[1:5]            | passed | 0.04488 seconds |
./spec/smoke/jive_widget/wysiwyg_widget_spec.rb[1:6]            | passed | 0.04475 seconds |
